../Core/Src/main.c:82:5:main	840	static
../Core/Src/main.c:229:6:SystemClock_Config	96	static
../Core/Src/main.c:287:13:MX_I2C1_Init	8	static
../Core/Src/main.c:335:13:MX_RTC_Init	32	static
../Core/Src/main.c:401:13:MX_SDMMC1_SD_Init	4	static
../Core/Src/main.c:429:13:MX_USART2_UART_Init	8	static
../Core/Src/main.c:464:13:MX_GPIO_Init	48	static
../Core/Src/main.c:504:5:__io_putchar	16	static
../Core/Src/main.c:509:6:printParams	40	static
../Core/Src/main.c:621:6:HAL_RTCEx_WakeUpTimerEventCallback	16	static
../Core/Src/main.c:635:6:Error_Handler	4	static,ignoring_inline_asm
